Available commands:
  access-tokens
  approval-requests
  audit-log
  code-refs
  context-settings
  contexts
  custom-roles
  data-export-destinations
  environments
  flag-triggers
  flags
  follow-flags
  integration-subscriptions
  members
  metrics
  projects
  relay-proxy-configs
  scheduled-changes
  segments
  tags
  teams
  webhooks
  workflow-templates
  workflows

Use "ldcli [command] --help" for more information about a command.